[Licensing::Module] Trying to connect to existing licensing client channel...
Built from '6000.3/respin/6000.3.6f1-732c1ec89f18' branch; Version is '6000.3.6f1 (bbb010bdb8a3) revision 12300304'; Using compiler version '194234433'; Build Type 'Release'
OS: 'Windows 11  (10.0.26200) Professional' Language: 'tr' Physical Memory: 15509 MB
BatchMode: 1, IsHumanControllingUs: 0, StartBugReporterOnCrash: 0, Is64bit: 1
System  architecture: x64
Process architecture: x64
Date: 2026-05-26T17:30:47Z
[Licensing::IpcConnector] Successfully connected to: "LicenseClient-PC" at "2026-05-26T17:30:47.390474Z"

COMMAND LINE ARGUMENTS:
C:\Program Files\Unity\Hub\Editor\6000.3.6f1\Editor\Unity.exe
-adb2
-batchMode
-noUpm
-name
AssetImportWorker4
-projectPath
C:/Users/PC/companygame
-logFile
Logs/AssetImportWorker4.log
-srvPort
55968
-licensingIpc
LicenseClient-PC
-job-worker-count
5
-background-job-worker-count
8
-gc-helper-count
1
-name
AssetImport
Successfully changed project path to: C:/Users/PC/companygame
C:/Users/PC/companygame
[UnityMemory] Configuration Parameters - Can be set up in boot.config
    "memorysetup-temp-allocator-size-nav-mesh-worker=65536"
    "memorysetup-temp-allocator-size-audio-worker=65536"
    "memorysetup-temp-allocator-size-gfx=262144"
    "memorysetup-allocator-temp-initial-block-size-main=262144"
    "memorysetup-allocator-temp-initial-block-size-worker=262144"
    "memorysetup-temp-allocator-size-background-worker=32768"
    "memorysetup-temp-allocator-size-job-worker=262144"
    "memorysetup-temp-allocator-size-preload-manager=33554432"
    "memorysetup-temp-allocator-size-gi-baking-worker=262144"
    "memorysetup-temp-allocator-size-gi-baking-worker=262144"
    "memorysetup-temp-allocator-size-gi-baking-worker=262144"
    "memorysetup-temp-allocator-size-gi-baking-worker=262144"
    "memorysetup-temp-allocator-size-gi-baking-worker=262144"
    "memorysetup-bucket-allocator-granularity=16"
    "memorysetup-bucket-allocator-bucket-count=8"
    "memorysetup-bucket-allocator-block-size=33554432"
    "memorysetup-bucket-allocator-block-count=8"
    "memorysetup-main-allocator-block-size=16777216"
    "memorysetup-thread-allocator-block-size=16777216"
    "memorysetup-gfx-main-allocator-block-size=16777216"
    "memorysetup-gfx-thread-allocator-block-size=16777216"
    "memorysetup-cache-allocator-block-size=4194304"
    "memorysetup-typetree-allocator-block-size=2097152"
    "memorysetup-profiler-bucket-allocator-granularity=16"
    "memorysetup-profiler-bucket-allocator-bucket-count=8"
    "memorysetup-profiler-bucket-allocator-block-size=33554432"
    "memorysetup-profiler-bucket-allocator-block-count=8"
    "memorysetup-profiler-allocator-block-size=16777216"
    "memorysetup-profiler-editor-allocator-block-size=1048576"
    "memorysetup-temp-allocator-size-main=16777216"
    "memorysetup-job-temp-allocator-block-size=2097152"
    "memorysetup-job-temp-allocator-block-size-background=1048576"
    "memorysetup-job-temp-allocator-reduction-small-platforms=262144"
    "memorysetup-temp-allocator-size-cloud-worker=32768"
Player connection [29884]  Target information:

Player connection [29884]  * "[IP] 192.168.1.24 [Port] 0 [Flags] 2 [Guid] 4284019107 [EditorId] 4284019107 [Version] 1048832 [Id] WindowsEditor(7,DESKTOP-D737V74) [Debug] 1 [PackageName] WindowsEditor [ProjectName] Editor" 

Player connection [29884] Host joined multi-casting on [225.0.0.222:54997]...
Player connection [29884] Host joined alternative multi-casting on [225.0.0.222:34997]...
JobSystem: Creating JobQueue using job-worker-count value 5
Input System module state changed to: Initialized.
[Physics::Module] Initialized fallback backend.
[Physics::Module] Id: 0xdecafbad
Library Redirect Path: Library/
[Physics::Module] Selected backend.
[Physics::Module] Name: PhysX
[Physics::Module] Id: 0xf2b8ea05
[Physics::Module] SDK Version: 4.1.2
[Physics::Module] Integration Version: 1.0.0
[Physics::Module] Threading Mode: Multi-Threaded
Refreshing native plugins compatible for Editor in 3.93 ms, found 4 plugins.
Preloading 0 native plugins for Editor in 0.00 ms.
Initialize engine version: 6000.3.6f1 (bbb010bdb8a3)
[Subsystems] Discovering subsystems at path C:/Program Files/Unity/Hub/Editor/6000.3.6f1/Editor/Data/Resources/UnitySubsystems
[Subsystems] Discovering subsystems at path C:/Users/PC/companygame/Assets
GfxDevice: creating device client; kGfxThreadingModeNonThreaded
Direct3D:
    Version:  Direct3D 11.0 [level 11.1]
    Renderer: NVIDIA GeForce RTX 4060 Ti (ID=0x2788)
    Vendor:   NVIDIA
    VRAM:     7939 MB
    Driver:   32.0.15.9186
Initialize mono
Mono path[0] = 'C:/Program Files/Unity/Hub/Editor/6000.3.6f1/Editor/Data/Managed'
Mono path[1] = 'C:/Program Files/Unity/Hub/Editor/6000.3.6f1/Editor/Data/MonoBleedingEdge/lib/mono/unityjit-win32'
Mono config path = 'C:/Program Files/Unity/Hub/Editor/6000.3.6f1/Editor/Data/MonoBleedingEdge/etc'
Using monoOptions --debugger-agent=transport=dt_socket,embedding=1,server=y,suspend=n,address=127.0.0.1:56128
Begin MonoManager ReloadAssembly
Registering precompiled unity dll's ...
Register platform support module: C:/Program Files/Unity/Hub/Editor/6000.3.6f1/Editor/Data/PlaybackEngines/WindowsStandaloneSupport/UnityEditor.WindowsStandalone.Extensions.dll
Registered in 0.002727 seconds.
- Loaded All Assemblies, in  0.385 seconds
Native extension for WindowsStandalone target not found
ScheduleIndexationOnStartup MainProcess:False IndexOnStartup:True
Mono: successfully reloaded assembly
- Finished resetting the current domain, in  0.385 seconds
Domain Reload Profiling: 768ms
	BeginReloadAssembly (114ms)
		ExecutionOrderSort (0ms)
		DisableScriptedObjects (0ms)
		BackupInstance (0ms)
		ReleaseScriptingObjects (0ms)
		CreateAndSetChildDomain (1ms)
	RebuildCommonClasses (39ms)
	RebuildNativeTypeToScriptingClass (13ms)
	initialDomainReloadingComplete (47ms)
	LoadAllAssembliesAndSetupDomain (170ms)
		LoadAssemblies (110ms)
		RebuildTransferFunctionScriptingTraits (0ms)
		AnalyzeDomain (167ms)
			TypeCache.Refresh (165ms)
				TypeCache.ScanAssembly (152ms)
			BuildScriptInfoCaches (0ms)
			ResolveRequiredComponents (0ms)
	FinalizeReload (385ms)
		ReleaseScriptCaches (0ms)
		RebuildScriptCaches (0ms)
		SetupLoadedEditorAssemblies (333ms)
			LogAssemblyErrors (0ms)
			InitializePlatformSupportModulesInManaged (43ms)
			SetLoadedEditorAssemblies (3ms)
			BeforeProcessingInitializeOnLoad (79ms)
			ProcessInitializeOnLoadAttributes (146ms)
			ProcessInitializeOnLoadMethodAttributes (61ms)
			AfterProcessingInitializeOnLoad (0ms)
			EditorAssembliesLoaded (0ms)
		ExecutionOrderSort2 (0ms)
		AwakeInstancesAfterBackupRestoration (0ms)
========================================================================
Worker process is ready to serve import requests
Import Worker Mode flag is 0x00
Begin MonoManager ReloadAssembly
[Licensing::Module] Licensing is not yet initialized.
[Licensing::Client] Handshaking with LicensingClient:
  Version:                 1.17.4+4293ba1
  Session Id:              c838181ec5364380b5eda9ebb5281c65
  Correlation Id:          f35d7f11b513a19c07bff42ace50a185
  External correlation Id: 6154041076694860936
  Machine Id:              /qePiY8JB4Q6RflQatyJuf/gLoE=
[Licensing::Module] Successfully connected to LicensingClient on channel: "LicenseClient-PC" (connect: 0.00s, validation: 0.00s, handshake: 1.84s)
[Licensing::IpcConnector] Successfully connected to: "LicenseClient-PC-notifications" at "2026-05-26T17:30:49.2276448Z"
[Licensing::Module] Licensing Background thread has ended after 1.84s
[Licensing::Module] Licensing is initialized (took 0.20s).
[Licensing::Client] Successfully resolved entitlement details
[Licensing::Module] License group:
  Id: 18968274502193-UnityPersXXXX
  Product: Unity Personal
  Type: Assigned
  Expiration: Unlimited
- Loaded All Assemblies, in  0.816 seconds
Refreshing native plugins compatible for Editor in 1.35 ms, found 4 plugins.
Native extension for WindowsStandalone target not found
Package Manager log level set to [2]
[Package Manager] Failed to launch server process. Reason: Unity was launched with the -noUpm command-line argument
[Package Manager] Unable to send message (not connected to server process).
[Package Manager] Cannot connect to Unity Package Manager local server
ScheduleIndexationOnStartup MainProcess:False IndexOnStartup:True
Mono: successfully reloaded assembly
- Finished resetting the current domain, in  0.579 seconds
Domain Reload Profiling: 1389ms
	BeginReloadAssembly (356ms)
		ExecutionOrderSort (0ms)
		DisableScriptedObjects (4ms)
		BackupInstance (0ms)
		ReleaseScriptingObjects (0ms)
		CreateAndSetChildDomain (28ms)
	RebuildCommonClasses (26ms)
	RebuildNativeTypeToScriptingClass (9ms)
	initialDomainReloadingComplete (29ms)
	LoadAllAssembliesAndSetupDomain (389ms)
		LoadAssemblies (278ms)
		RebuildTransferFunctionScriptingTraits (0ms)
		AnalyzeDomain (195ms)
			TypeCache.Refresh (137ms)
				TypeCache.ScanAssembly (126ms)
			BuildScriptInfoCaches (48ms)
			ResolveRequiredComponents (7ms)
	FinalizeReload (579ms)
		ReleaseScriptCaches (0ms)
		RebuildScriptCaches (0ms)
		SetupLoadedEditorAssemblies (475ms)
			LogAssemblyErrors (0ms)
			InitializePlatformSupportModulesInManaged (1ms)
			SetLoadedEditorAssemblies (4ms)
			BeforeProcessingInitializeOnLoad (113ms)
			ProcessInitializeOnLoadAttributes (261ms)
			ProcessInitializeOnLoadMethodAttributes (91ms)
			AfterProcessingInitializeOnLoad (6ms)
			EditorAssembliesLoaded (0ms)
		ExecutionOrderSort2 (0ms)
		AwakeInstancesAfterBackupRestoration (5ms)
Launched and connected shader compiler UnityShaderCompiler.exe after 0.01 seconds
Refreshing native plugins compatible for Editor in 1.47 ms, found 4 plugins.
Preloading 0 native plugins for Editor in 0.00 ms.
Unloading 16 Unused Serialized files (Serialized files now loaded: 0)
Unloading 6930 unused Assets / (5.4 MB). Loaded Objects now: 7762.
Memory consumption went from 155.6 MB to 150.2 MB.
Total: 7.919000 ms (FindLiveObjects: 0.659700 ms CreateObjectMapping: 0.511200 ms MarkObjects: 4.750500 ms  DeleteObjects: 1.997000 ms)

========================================================================
Received Import Request.
  Time since last request: 29475.756254 seconds.
  path: Assets/animasyonbitirme
  artifactKey: Guid(a6c564fcac7ab444fb3085dd295affb0) Importer(815301076,1909f56bfc062723c751e8b465ee728b)
Start importing Assets/animasyonbitirme using Guid(a6c564fcac7ab444fb3085dd295affb0) Importer(815301076,1909f56bfc062723c751e8b465ee728b) (PreviewImporter) -> (artifact id: 'c3f70138686d8bd6ccc99a58a77807af') in 0.004666 seconds
Number of updated asset objects reloaded before import = 0Number of asset objects unloaded after import = 0

========================================================================
Received Import Request.
  Time since last request: 2.883414 seconds.
  path: Assets/_Recovery
  artifactKey: Guid(eb8166b7c2e95074aa582ac38e949276) Importer(815301076,1909f56bfc062723c751e8b465ee728b)
Start importing Assets/_Recovery using Guid(eb8166b7c2e95074aa582ac38e949276) Importer(815301076,1909f56bfc062723c751e8b465ee728b) (PreviewImporter) -> (artifact id: '8dd454a27e5e5878de986ce535006b52') in 0.0008264 seconds
Number of updated asset objects reloaded before import = 0Number of asset objects unloaded after import = 0

========================================================================
Received Import Request.
  Time since last request: 14.715565 seconds.
  path: Assets/Main menu/bitirme_klasor.png
  artifactKey: Guid(0929a38669f966949af36a70294c6a83) Importer(2089858483,b0f066a214c2f5e87bad3c948f4d605d)
Start importing Assets/Main menu/bitirme_klasor.png using Guid(0929a38669f966949af36a70294c6a83) Importer(2089858483,b0f066a214c2f5e87bad3c948f4d605d) (ScriptedImporter) -> (artifact id: 'fc14e25ed3b7a2ec6a0b4084a4bdd414') in 0.0990318 seconds
Number of updated asset objects reloaded before import = 0Number of asset objects unloaded after import = 3

========================================================================
Received Import Request.
  Time since last request: 0.454307 seconds.
  path: Assets/Circle.controller
  artifactKey: Guid(2f0a6104bc8114c43b7f58994218b676) Importer(815301076,1909f56bfc062723c751e8b465ee728b)
Start importing Assets/Circle.controller using Guid(2f0a6104bc8114c43b7f58994218b676) Importer(815301076,1909f56bfc062723c751e8b465ee728b) (PreviewImporter) -> (artifact id: '8cbbad5f1188990a81f6d23abc02c646') in 0.0121577 seconds
Number of updated asset objects reloaded before import = 0Number of asset objects unloaded after import = 3

========================================================================
Received Import Request.
  Time since last request: 3.734041 seconds.
  path: Assets/Main menu/bitirme_mouse1.png
  artifactKey: Guid(c4f6d72d37026604a8554e9898eac6c7) Importer(2089858483,b0f066a214c2f5e87bad3c948f4d605d)
Start importing Assets/Main menu/bitirme_mouse1.png using Guid(c4f6d72d37026604a8554e9898eac6c7) Importer(2089858483,b0f066a214c2f5e87bad3c948f4d605d) (ScriptedImporter) -> (artifact id: '381dd2b4bef56eb9560575ca4fc5cc19') in 0.0138194 seconds
Number of updated asset objects reloaded before import = 0Number of asset objects unloaded after import = 3

========================================================================
Received Import Request.
  Time since last request: 4.051796 seconds.
  path: Assets/Room/Sprite-0002-Sheet-sheet-sheet-sheet.png
  artifactKey: Guid(0ce5fc3ea0f09f64b8d3f3b3bf5827c0) Importer(2089858483,b0f066a214c2f5e87bad3c948f4d605d)
Start importing Assets/Room/Sprite-0002-Sheet-sheet-sheet-sheet.png using Guid(0ce5fc3ea0f09f64b8d3f3b3bf5827c0) Importer(2089858483,b0f066a214c2f5e87bad3c948f4d605d) (ScriptedImporter) -> (artifact id: '83208977c9ae13bd1c20067f45ebdc1f') in 0.0167147 seconds
Number of updated asset objects reloaded before import = 0Number of asset objects unloaded after import = 7

========================================================================
Received Import Request.
  Time since last request: 2.627626 seconds.
  path: Assets/Main menu/bitirme_cursor.png
  artifactKey: Guid(9d5176ff41a461141a1b3756e370066d) Importer(2089858483,b0f066a214c2f5e87bad3c948f4d605d)
Start importing Assets/Main menu/bitirme_cursor.png using Guid(9d5176ff41a461141a1b3756e370066d) Importer(2089858483,b0f066a214c2f5e87bad3c948f4d605d) (ScriptedImporter) -> (artifact id: '034ffabb5e4f0ccdd333e2dca2a2bd0d') in 0.0130759 seconds
Number of updated asset objects reloaded before import = 0Number of asset objects unloaded after import = 3

========================================================================
Received Import Request.
  Time since last request: 5.251135 seconds.
  path: Assets/Main menu/bitirme_cerceve1.png
  artifactKey: Guid(aa36297d15b094e42a652c11968d1993) Importer(2089858483,b0f066a214c2f5e87bad3c948f4d605d)
Start importing Assets/Main menu/bitirme_cerceve1.png using Guid(aa36297d15b094e42a652c11968d1993) Importer(2089858483,b0f066a214c2f5e87bad3c948f4d605d) (ScriptedImporter) -> (artifact id: '6e8f333f6c6cfe3907c939f2d19ca73c') in 0.0155805 seconds
Number of updated asset objects reloaded before import = 0Number of asset objects unloaded after import = 3

========================================================================
Received Import Request.
  Time since last request: 15.635614 seconds.
  path: Assets/Tasks Assets/New Folder
  artifactKey: Guid(7692374bd8fa68341b2523ea8da4da1c) Importer(2089858483,b0f066a214c2f5e87bad3c948f4d605d)
Start importing Assets/Tasks Assets/New Folder using Guid(7692374bd8fa68341b2523ea8da4da1c) Importer(2089858483,b0f066a214c2f5e87bad3c948f4d605d) (ScriptedImporter) -> (artifact id: '878ac6dd2ddc5218df53625c58368068') in 0.0109082 seconds
Number of updated asset objects reloaded before import = 0Number of asset objects unloaded after import = 1

========================================================================
Received Import Request.
  Time since last request: 50.711484 seconds.
  path: Assets/Tasks Assets/New Folder
  artifactKey: Guid(7692374bd8fa68341b2523ea8da4da1c) Importer(815301076,1909f56bfc062723c751e8b465ee728b)
Start importing Assets/Tasks Assets/New Folder using Guid(7692374bd8fa68341b2523ea8da4da1c) Importer(815301076,1909f56bfc062723c751e8b465ee728b) (PreviewImporter) -> (artifact id: '5c1dfa82e27cf8d1ff96462e42a1193d') in 0.000594 seconds
Number of updated asset objects reloaded before import = 0Number of asset objects unloaded after import = 0

========================================================================
Received Import Request.
  Time since last request: 9.021785 seconds.
  path: Assets/Tasks Assets/Meeting
  artifactKey: Guid(7692374bd8fa68341b2523ea8da4da1c) Importer(815301076,1909f56bfc062723c751e8b465ee728b)
Start importing Assets/Tasks Assets/Meeting using Guid(7692374bd8fa68341b2523ea8da4da1c) Importer(815301076,1909f56bfc062723c751e8b465ee728b) (PreviewImporter) -> (artifact id: '580ec92fe93c50b5873096b6d9a00005') in 0.0005619 seconds
Number of updated asset objects reloaded before import = 0Number of asset objects unloaded after import = 0

========================================================================
Received Import Request.
  Time since last request: 0.940761 seconds.
  path: Assets/Tasks Assets/Meeting
  artifactKey: Guid(7692374bd8fa68341b2523ea8da4da1c) Importer(2089858483,b0f066a214c2f5e87bad3c948f4d605d)
Start importing Assets/Tasks Assets/Meeting using Guid(7692374bd8fa68341b2523ea8da4da1c) Importer(2089858483,b0f066a214c2f5e87bad3c948f4d605d) (ScriptedImporter) -> (artifact id: 'fcf805a0a681416068c61a53d2911298') in 0.0099658 seconds
Number of updated asset objects reloaded before import = 0Number of asset objects unloaded after import = 1

========================================================================
Received Import Request.
  Time since last request: 3.642800 seconds.
  path: Assets/Tasks Assets/Meeting/zoom_meeting.png
  artifactKey: Guid(70a11cdb2e4cbca459b1029091db4290) Importer(2089858483,b0f066a214c2f5e87bad3c948f4d605d)
Start importing Assets/Tasks Assets/Meeting/zoom_meeting.png using Guid(70a11cdb2e4cbca459b1029091db4290) Importer(2089858483,b0f066a214c2f5e87bad3c948f4d605d) (ScriptedImporter) -> (artifact id: '112d8e5a8b264cd5c40c6993865d0132') in 0.0118412 seconds
Number of updated asset objects reloaded before import = 0Number of asset objects unloaded after import = 3

========================================================================
Received Import Request.
  Time since last request: 3.628651 seconds.
  path: Assets/Tasks Assets/Meeting/zoom_icon.png
  artifactKey: Guid(6e84ac0379ae3b7459bbf690c1980980) Importer(2089858483,b0f066a214c2f5e87bad3c948f4d605d)
Start importing Assets/Tasks Assets/Meeting/zoom_icon.png using Guid(6e84ac0379ae3b7459bbf690c1980980) Importer(2089858483,b0f066a214c2f5e87bad3c948f4d605d) (ScriptedImporter) -> (artifact id: '80328b4ace71dedd2e35aa86785cc8e2') in 0.0109358 seconds
Number of updated asset objects reloaded before import = 0Number of asset objects unloaded after import = 3

========================================================================
Received Import Request.
  Time since last request: 11.194620 seconds.
  path: Assets/Tasks Assets/Meeting/meeting_pc.png
  artifactKey: Guid(8a7c5ae6f5edc5149b68da6a4f9847d2) Importer(2089858483,b0f066a214c2f5e87bad3c948f4d605d)
Start importing Assets/Tasks Assets/Meeting/meeting_pc.png using Guid(8a7c5ae6f5edc5149b68da6a4f9847d2) Importer(2089858483,b0f066a214c2f5e87bad3c948f4d605d) (ScriptedImporter) -> (artifact id: '4d8070638056a8f5134b77429ce144e5') in 0.0144397 seconds
Number of updated asset objects reloaded before import = 0Number of asset objects unloaded after import = 3

========================================================================
Received Import Request.
  Time since last request: 5.528873 seconds.
  path: Assets/Tasks Assets/Meeting/meeting_pc.png
  artifactKey: Guid(8a7c5ae6f5edc5149b68da6a4f9847d2) Importer(815301076,1909f56bfc062723c751e8b465ee728b)
Start importing Assets/Tasks Assets/Meeting/meeting_pc.png using Guid(8a7c5ae6f5edc5149b68da6a4f9847d2) Importer(815301076,1909f56bfc062723c751e8b465ee728b) (PreviewImporter) -> (artifact id: '66578b015555b78692db264747e83159') in 0.0492859 seconds
Number of updated asset objects reloaded before import = 0Number of asset objects unloaded after import = 3

========================================================================
Received Import Request.
  Time since last request: 7.016745 seconds.
  path: Assets/Tasks Assets/Meeting/symbols.png
  artifactKey: Guid(d7631d55f1137d046993869aad824803) Importer(815301076,1909f56bfc062723c751e8b465ee728b)
Start importing Assets/Tasks Assets/Meeting/symbols.png using Guid(d7631d55f1137d046993869aad824803) Importer(815301076,1909f56bfc062723c751e8b465ee728b) (PreviewImporter) -> (artifact id: '5a1171143b7cf32706e1ce9aace39e6c') in 0.1261289 seconds
Number of updated asset objects reloaded before import = 0Number of asset objects unloaded after import = 3

========================================================================
Received Import Request.
  Time since last request: 0.851944 seconds.
  path: Assets/Tasks Assets/Meeting/symbols.png
  artifactKey: Guid(d7631d55f1137d046993869aad824803) Importer(2089858483,b0f066a214c2f5e87bad3c948f4d605d)
Start importing Assets/Tasks Assets/Meeting/symbols.png using Guid(d7631d55f1137d046993869aad824803) Importer(2089858483,b0f066a214c2f5e87bad3c948f4d605d) (ScriptedImporter) -> (artifact id: '85494b54b758554f9254cfb08c629b2b') in 0.0133375 seconds
Number of updated asset objects reloaded before import = 0Number of asset objects unloaded after import = 3

========================================================================
Received Import Request.
  Time since last request: 0.072473 seconds.
  path: Assets/Tasks Assets/Meeting/up_symbol.png
  artifactKey: Guid(c3c1dcb4c98a5a142a7271829d5a0983) Importer(815301076,1909f56bfc062723c751e8b465ee728b)
Start importing Assets/Tasks Assets/Meeting/up_symbol.png using Guid(c3c1dcb4c98a5a142a7271829d5a0983) Importer(815301076,1909f56bfc062723c751e8b465ee728b) (PreviewImporter) -> (artifact id: '8779d616e18a8c6c7923a739f563932c') in 0.0672448 seconds
Number of updated asset objects reloaded before import = 0Number of asset objects unloaded after import = 3

========================================================================
Received Import Request.
  Time since last request: 0.984896 seconds.
  path: Assets/Tasks Assets/Meeting/up_symbol.png
  artifactKey: Guid(c3c1dcb4c98a5a142a7271829d5a0983) Importer(2089858483,b0f066a214c2f5e87bad3c948f4d605d)
Start importing Assets/Tasks Assets/Meeting/up_symbol.png using Guid(c3c1dcb4c98a5a142a7271829d5a0983) Importer(2089858483,b0f066a214c2f5e87bad3c948f4d605d) (ScriptedImporter) -> (artifact id: '24b89b12238ca34f42ecd73d36d0adae') in 0.0130964 seconds
Number of updated asset objects reloaded before import = 0Number of asset objects unloaded after import = 3

========================================================================
Received Import Request.
  Time since last request: 6.681765 seconds.
  path: Assets/Tasks Assets/Meeting/left_symbol.png
  artifactKey: Guid(d0878974cc332c4499a6fd15065ac3a0) Importer(815301076,1909f56bfc062723c751e8b465ee728b)
Start importing Assets/Tasks Assets/Meeting/left_symbol.png using Guid(d0878974cc332c4499a6fd15065ac3a0) Importer(815301076,1909f56bfc062723c751e8b465ee728b) (PreviewImporter) -> (artifact id: '847fb0815d6476b6cd34e14d020316ea') in 0.1537141 seconds
Number of updated asset objects reloaded before import = 0Number of asset objects unloaded after import = 3

========================================================================
Received Import Request.
  Time since last request: 0.841005 seconds.
  path: Assets/Tasks Assets/Meeting/left_symbol.png
  artifactKey: Guid(d0878974cc332c4499a6fd15065ac3a0) Importer(2089858483,b0f066a214c2f5e87bad3c948f4d605d)
Start importing Assets/Tasks Assets/Meeting/left_symbol.png using Guid(d0878974cc332c4499a6fd15065ac3a0) Importer(2089858483,b0f066a214c2f5e87bad3c948f4d605d) (ScriptedImporter) -> (artifact id: 'd9f84ecc83c948e0a91a0fefca73d840') in 0.0121273 seconds
Number of updated asset objects reloaded before import = 0Number of asset objects unloaded after import = 3

========================================================================
Received Import Request.
  Time since last request: 6.007359 seconds.
  path: Assets/Tasks Assets/Meeting/down_symbol.png
  artifactKey: Guid(cb8694ef7f42e304ba19be05fe0c92a8) Importer(815301076,1909f56bfc062723c751e8b465ee728b)
Start importing Assets/Tasks Assets/Meeting/down_symbol.png using Guid(cb8694ef7f42e304ba19be05fe0c92a8) Importer(815301076,1909f56bfc062723c751e8b465ee728b) (PreviewImporter) -> (artifact id: '3396e52ee396df676c950b241b923799') in 0.1283756 seconds
Number of updated asset objects reloaded before import = 0Number of asset objects unloaded after import = 3

========================================================================
Received Import Request.
  Time since last request: 0.827959 seconds.
  path: Assets/Tasks Assets/Meeting/down_symbol.png
  artifactKey: Guid(cb8694ef7f42e304ba19be05fe0c92a8) Importer(2089858483,b0f066a214c2f5e87bad3c948f4d605d)
Start importing Assets/Tasks Assets/Meeting/down_symbol.png using Guid(cb8694ef7f42e304ba19be05fe0c92a8) Importer(2089858483,b0f066a214c2f5e87bad3c948f4d605d) (ScriptedImporter) -> (artifact id: '34a692920cc6085c5f786d1d346335ce') in 0.0114877 seconds
Number of updated asset objects reloaded before import = 0Number of asset objects unloaded after import = 3

========================================================================
Received Import Request.
  Time since last request: 163.688145 seconds.
  path: Assets/Tasks Assets/Coffe task/coffe_bar_background.png
  artifactKey: Guid(f339f3e15cadc3a418b7e79b4d613a86) Importer(815301076,1909f56bfc062723c751e8b465ee728b)
Start importing Assets/Tasks Assets/Coffe task/coffe_bar_background.png using Guid(f339f3e15cadc3a418b7e79b4d613a86) Importer(815301076,1909f56bfc062723c751e8b465ee728b) (PreviewImporter) -> (artifact id: '09db3aa6e1a870def6bbb51f0e92b022') in 0.0734947 seconds
Number of updated asset objects reloaded before import = 0Number of asset objects unloaded after import = 3

========================================================================
Received Import Request.
  Time since last request: 0.000020 seconds.
  path: Assets/Tasks Assets/Coffe task/photo2.png
  artifactKey: Guid(91d76de119f9bd94dbe7e1a9149439e1) Importer(815301076,1909f56bfc062723c751e8b465ee728b)
Start importing Assets/Tasks Assets/Coffe task/photo2.png using Guid(91d76de119f9bd94dbe7e1a9149439e1) Importer(815301076,1909f56bfc062723c751e8b465ee728b) (PreviewImporter) -> (artifact id: 'cbad983eaaeaebf0f90d7f163932fe7e') in 0.0573328 seconds
Number of updated asset objects reloaded before import = 0Number of asset objects unloaded after import = 3

========================================================================
Received Import Request.
  Time since last request: 0.000028 seconds.
  path: Assets/Tasks Assets/Coffe task/photo3.png
  artifactKey: Guid(3027d304e785db648b9e7e7aef09795e) Importer(815301076,1909f56bfc062723c751e8b465ee728b)
Start importing Assets/Tasks Assets/Coffe task/photo3.png using Guid(3027d304e785db648b9e7e7aef09795e) Importer(815301076,1909f56bfc062723c751e8b465ee728b) (PreviewImporter) -> (artifact id: 'b832a391c083e81e431decb967b97c81') in 0.0483783 seconds
Number of updated asset objects reloaded before import = 0Number of asset objects unloaded after import = 3

========================================================================
Received Import Request.
  Time since last request: 0.000015 seconds.
  path: Assets/Tasks Assets/Coffe task/photo5.png
  artifactKey: Guid(99f3dcae51cda4242b0ff61b685c2b8a) Importer(815301076,1909f56bfc062723c751e8b465ee728b)
Start importing Assets/Tasks Assets/Coffe task/photo5.png using Guid(99f3dcae51cda4242b0ff61b685c2b8a) Importer(815301076,1909f56bfc062723c751e8b465ee728b) (PreviewImporter) -> (artifact id: '313b79f0e9a8c9e3203be986215d80b5') in 0.0282604 seconds
Number of updated asset objects reloaded before import = 0Number of asset objects unloaded after import = 3

========================================================================
Received Import Request.
  Time since last request: 0.000013 seconds.
  path: Assets/Tasks Assets/Coffe task/coffe_bar_line.png
  artifactKey: Guid(9089a77bd54d73248a06150f8d7c1bcd) Importer(2089858483,b0f066a214c2f5e87bad3c948f4d605d)
Start importing Assets/Tasks Assets/Coffe task/coffe_bar_line.png using Guid(9089a77bd54d73248a06150f8d7c1bcd) Importer(2089858483,b0f066a214c2f5e87bad3c948f4d605d) (ScriptedImporter) -> (artifact id: '30597f8270b1576c980fb8910e8da00b') in 0.0131883 seconds
Number of updated asset objects reloaded before import = 0Number of asset objects unloaded after import = 3

========================================================================
Received Import Request.
  Time since last request: 8.762148 seconds.
  path: Assets/Tasks Assets/Coffe task/dolu_bardak.png
  artifactKey: Guid(49c9177341acb8e47b7760124cdfb56d) Importer(815301076,1909f56bfc062723c751e8b465ee728b)
Start importing Assets/Tasks Assets/Coffe task/dolu_bardak.png using Guid(49c9177341acb8e47b7760124cdfb56d) Importer(815301076,1909f56bfc062723c751e8b465ee728b) (PreviewImporter) -> (artifact id: 'a3eaa234c43f615727124fc87aa006d2') in 0.0177302 seconds
Number of updated asset objects reloaded before import = 0Number of asset objects unloaded after import = 3

========================================================================
Received Import Request.
  Time since last request: 0.940513 seconds.
  path: Assets/Tasks Assets/Coffe task/dolu_bardak.png
  artifactKey: Guid(49c9177341acb8e47b7760124cdfb56d) Importer(2089858483,b0f066a214c2f5e87bad3c948f4d605d)
Start importing Assets/Tasks Assets/Coffe task/dolu_bardak.png using Guid(49c9177341acb8e47b7760124cdfb56d) Importer(2089858483,b0f066a214c2f5e87bad3c948f4d605d) (ScriptedImporter) -> (artifact id: 'cb76ad481dc90c950a5ef94782c2e144') in 0.0115736 seconds
Number of updated asset objects reloaded before import = 0Number of asset objects unloaded after import = 3

========================================================================
Received Import Request.
  Time since last request: 1.864044 seconds.
  path: Assets/Tasks Assets/Coffe task/bos_bardak.png
  artifactKey: Guid(c4a987cfaa54b2645a6387b03f9f7c48) Importer(815301076,1909f56bfc062723c751e8b465ee728b)
Start importing Assets/Tasks Assets/Coffe task/bos_bardak.png using Guid(c4a987cfaa54b2645a6387b03f9f7c48) Importer(815301076,1909f56bfc062723c751e8b465ee728b) (PreviewImporter) -> (artifact id: 'e7892597b0de126d1f2f5067a7cebc0c') in 0.0150972 seconds
Number of updated asset objects reloaded before import = 0Number of asset objects unloaded after import = 3

========================================================================
Received Import Request.
  Time since last request: 0.936786 seconds.
  path: Assets/Tasks Assets/Coffe task/bos_bardak.png
  artifactKey: Guid(c4a987cfaa54b2645a6387b03f9f7c48) Importer(2089858483,b0f066a214c2f5e87bad3c948f4d605d)
Start importing Assets/Tasks Assets/Coffe task/bos_bardak.png using Guid(c4a987cfaa54b2645a6387b03f9f7c48) Importer(2089858483,b0f066a214c2f5e87bad3c948f4d605d) (ScriptedImporter) -> (artifact id: '2d4edb0f91326cfdfada26228250ba17') in 0.0118522 seconds
Number of updated asset objects reloaded before import = 0Number of asset objects unloaded after import = 3

========================================================================
Received Import Request.
  Time since last request: 5.255733 seconds.
  path: Assets/Tasks Assets/Photo
  artifactKey: Guid(5cc339306733ec845ac9cef92b861d36) Importer(815301076,1909f56bfc062723c751e8b465ee728b)
Start importing Assets/Tasks Assets/Photo using Guid(5cc339306733ec845ac9cef92b861d36) Importer(815301076,1909f56bfc062723c751e8b465ee728b) (PreviewImporter) -> (artifact id: '9d7563211425458fa1a8dc1aa17d6ad6') in 0.0005423 seconds
Number of updated asset objects reloaded before import = 0Number of asset objects unloaded after import = 0

========================================================================
Received Import Request.
  Time since last request: 0.937779 seconds.
  path: Assets/Tasks Assets/Photo
  artifactKey: Guid(5cc339306733ec845ac9cef92b861d36) Importer(2089858483,b0f066a214c2f5e87bad3c948f4d605d)
Start importing Assets/Tasks Assets/Photo using Guid(5cc339306733ec845ac9cef92b861d36) Importer(2089858483,b0f066a214c2f5e87bad3c948f4d605d) (ScriptedImporter) -> (artifact id: 'd3fea667ab4d422bc9f38a788cd38c7d') in 0.0097971 seconds
Number of updated asset objects reloaded before import = 0Number of asset objects unloaded after import = 1

========================================================================
Received Import Request.
  Time since last request: 6.533885 seconds.
  path: Assets/Tasks Assets/Photo/photo2.png
  artifactKey: Guid(91d76de119f9bd94dbe7e1a9149439e1) Importer(2089858483,b0f066a214c2f5e87bad3c948f4d605d)
Start importing Assets/Tasks Assets/Photo/photo2.png using Guid(91d76de119f9bd94dbe7e1a9149439e1) Importer(2089858483,b0f066a214c2f5e87bad3c948f4d605d) (ScriptedImporter) -> (artifact id: '0236297686eb105f27c5075d9a8bb014') in 0.0137732 seconds
Number of updated asset objects reloaded before import = 0Number of asset objects unloaded after import = 3

========================================================================
Received Import Request.
  Time since last request: 0.000013 seconds.
  path: Assets/Tasks Assets/Photo/photo1.png
  artifactKey: Guid(b01df43dde681b145878cacb83398adc) Importer(2089858483,b0f066a214c2f5e87bad3c948f4d605d)
Start importing Assets/Tasks Assets/Photo/photo1.png using Guid(b01df43dde681b145878cacb83398adc) Importer(2089858483,b0f066a214c2f5e87bad3c948f4d605d) (ScriptedImporter) -> (artifact id: '0ae6f26e3d4889790073578e47eab4ff') in 0.0123656 seconds
Number of updated asset objects reloaded before import = 0Number of asset objects unloaded after import = 3

========================================================================
Received Import Request.
  Time since last request: 8.763388 seconds.
  path: Assets/Tasks Assets/Photo/photo_mission.png
  artifactKey: Guid(2b50dedf4cc4cab4cb8b8002ed55cd19) Importer(815301076,1909f56bfc062723c751e8b465ee728b)
Start importing Assets/Tasks Assets/Photo/photo_mission.png using Guid(2b50dedf4cc4cab4cb8b8002ed55cd19) Importer(815301076,1909f56bfc062723c751e8b465ee728b) (PreviewImporter) -> (artifact id: '58303f839b17366b21a03c5af04f044d') in 0.0270195 seconds
Number of updated asset objects reloaded before import = 0Number of asset objects unloaded after import = 3

========================================================================
Received Import Request.
  Time since last request: 0.860068 seconds.
  path: Assets/Tasks Assets/Photo/photo_mission.png
  artifactKey: Guid(2b50dedf4cc4cab4cb8b8002ed55cd19) Importer(2089858483,b0f066a214c2f5e87bad3c948f4d605d)
Start importing Assets/Tasks Assets/Photo/photo_mission.png using Guid(2b50dedf4cc4cab4cb8b8002ed55cd19) Importer(2089858483,b0f066a214c2f5e87bad3c948f4d605d) (ScriptedImporter) -> (artifact id: 'e5a93f88b7aea92a4c819720b8dbad15') in 0.0154297 seconds
Number of updated asset objects reloaded before import = 0Number of asset objects unloaded after import = 3

========================================================================
Received Import Request.
  Time since last request: 12.202298 seconds.
  path: Assets/Tasks Assets/Photo/photo_mission.png
  artifactKey: Guid(2b50dedf4cc4cab4cb8b8002ed55cd19) Importer(815301076,1909f56bfc062723c751e8b465ee728b)
Start importing Assets/Tasks Assets/Photo/photo_mission.png using Guid(2b50dedf4cc4cab4cb8b8002ed55cd19) Importer(815301076,1909f56bfc062723c751e8b465ee728b) (PreviewImporter) -> (artifact id: 'cc38c49b139480cf8ce700f75bac2653') in 0.0069323 seconds
Number of updated asset objects reloaded before import = 0Number of asset objects unloaded after import = 3

========================================================================
Received Import Request.
  Time since last request: 0.946605 seconds.
  path: Assets/Tasks Assets/Photo/photo_mission.png
  artifactKey: Guid(2b50dedf4cc4cab4cb8b8002ed55cd19) Importer(2089858483,b0f066a214c2f5e87bad3c948f4d605d)
Start importing Assets/Tasks Assets/Photo/photo_mission.png using Guid(2b50dedf4cc4cab4cb8b8002ed55cd19) Importer(2089858483,b0f066a214c2f5e87bad3c948f4d605d) (ScriptedImporter) -> (artifact id: 'eb1dcc5eaa087d5533e891d592434523') in 0.0114299 seconds
Number of updated asset objects reloaded before import = 0Number of asset objects unloaded after import = 3

========================================================================
Received Import Request.
  Time since last request: 9.549526 seconds.
  path: Assets/Tasks Assets/form
  artifactKey: Guid(6ab04d2f2a3bb354a9d4360f174234e1) Importer(815301076,1909f56bfc062723c751e8b465ee728b)
Start importing Assets/Tasks Assets/form using Guid(6ab04d2f2a3bb354a9d4360f174234e1) Importer(815301076,1909f56bfc062723c751e8b465ee728b) (PreviewImporter) -> (artifact id: 'a2714af4ea04481e5d939548f620688d') in 0.0005303 seconds
Number of updated asset objects reloaded before import = 0Number of asset objects unloaded after import = 0

========================================================================
Received Import Request.
  Time since last request: 0.933046 seconds.
  path: Assets/Tasks Assets/form
  artifactKey: Guid(6ab04d2f2a3bb354a9d4360f174234e1) Importer(2089858483,b0f066a214c2f5e87bad3c948f4d605d)
Start importing Assets/Tasks Assets/form using Guid(6ab04d2f2a3bb354a9d4360f174234e1) Importer(2089858483,b0f066a214c2f5e87bad3c948f4d605d) (ScriptedImporter) -> (artifact id: '4a45010ccb2625254cd85024d9f90f67') in 0.008801 seconds
Number of updated asset objects reloaded before import = 0Number of asset objects unloaded after import = 1

========================================================================
Received Import Request.
  Time since last request: 4.708100 seconds.
  path: Assets/Tasks Assets/form/paper_form.png
  artifactKey: Guid(35d40a0374b69c042862aa107d6a8641) Importer(815301076,1909f56bfc062723c751e8b465ee728b)
Start importing Assets/Tasks Assets/form/paper_form.png using Guid(35d40a0374b69c042862aa107d6a8641) Importer(815301076,1909f56bfc062723c751e8b465ee728b) (PreviewImporter) -> (artifact id: 'cb026a22e1e87579b4c6aa6e01ff62fe') in 0.1006493 seconds
Number of updated asset objects reloaded before import = 0Number of asset objects unloaded after import = 3

========================================================================
Received Import Request.
  Time since last request: 0.160939 seconds.
  path: Assets/Tasks Assets/form/paper_form.png
  artifactKey: Guid(35d40a0374b69c042862aa107d6a8641) Importer(2089858483,b0f066a214c2f5e87bad3c948f4d605d)
Start importing Assets/Tasks Assets/form/paper_form.png using Guid(35d40a0374b69c042862aa107d6a8641) Importer(2089858483,b0f066a214c2f5e87bad3c948f4d605d) (ScriptedImporter) -> (artifact id: '9c3e1c8c9ae653fa8670b724d26ebc50') in 0.0110124 seconds
Number of updated asset objects reloaded before import = 0Number of asset objects unloaded after import = 3

========================================================================
Received Import Request.
  Time since last request: 386.395852 seconds.
  path: Assets/Scenes/Office.unity
  artifactKey: Guid(1ea3d7876f89fad488ba7685ba9a7cc9) Importer(2089858483,b0f066a214c2f5e87bad3c948f4d605d)
Start importing Assets/Scenes/Office.unity using Guid(1ea3d7876f89fad488ba7685ba9a7cc9) Importer(2089858483,b0f066a214c2f5e87bad3c948f4d605d) (ScriptedImporter) -> (artifact id: '8341db1dddb29b939540332d517a1ad1') in 0.0139711 seconds
Number of updated asset objects reloaded before import = 0Number of asset objects unloaded after import = 1

========================================================================
Received Import Request.
  Time since last request: 17.217871 seconds.
  path: Assets/Room/tileofficewall.png
  artifactKey: Guid(6c3e93ff87c74fa4787da49e69da6910) Importer(815301076,1909f56bfc062723c751e8b465ee728b)
Start importing Assets/Room/tileofficewall.png using Guid(6c3e93ff87c74fa4787da49e69da6910) Importer(815301076,1909f56bfc062723c751e8b465ee728b) (PreviewImporter) -> (artifact id: '8ad987d18c6f10d856912ca8da9678ff') in 0.0544367 seconds
Number of updated asset objects reloaded before import = 0Number of asset objects unloaded after import = 3

========================================================================
Received Import Request.
  Time since last request: 0.898244 seconds.
  path: Assets/Room/tileofficewall.png
  artifactKey: Guid(6c3e93ff87c74fa4787da49e69da6910) Importer(2089858483,b0f066a214c2f5e87bad3c948f4d605d)
Start importing Assets/Room/tileofficewall.png using Guid(6c3e93ff87c74fa4787da49e69da6910) Importer(2089858483,b0f066a214c2f5e87bad3c948f4d605d) (ScriptedImporter) -> (artifact id: '554b4680ed969b4ee526f3897cde6768') in 0.0136074 seconds
Number of updated asset objects reloaded before import = 0Number of asset objects unloaded after import = 3

========================================================================
Received Import Request.
  Time since last request: 13.412485 seconds.
  path: Assets/Room/wallithink.png
  artifactKey: Guid(de8e9b606abdff54b94cb244a081e361) Importer(815301076,1909f56bfc062723c751e8b465ee728b)
Start importing Assets/Room/wallithink.png using Guid(de8e9b606abdff54b94cb244a081e361) Importer(815301076,1909f56bfc062723c751e8b465ee728b) (PreviewImporter) -> (artifact id: '63711f250fe7c2bd11b66ac9ccadab3c') in 0.0642513 seconds
Number of updated asset objects reloaded before import = 0Number of asset objects unloaded after import = 3

========================================================================
Received Import Request.
  Time since last request: 0.893864 seconds.
  path: Assets/Room/wallithink.png
  artifactKey: Guid(de8e9b606abdff54b94cb244a081e361) Importer(2089858483,b0f066a214c2f5e87bad3c948f4d605d)
Start importing Assets/Room/wallithink.png using Guid(de8e9b606abdff54b94cb244a081e361) Importer(2089858483,b0f066a214c2f5e87bad3c948f4d605d) (ScriptedImporter) -> (artifact id: '2fcb57d938167d979eada54579a7e45e') in 0.0131405 seconds
Number of updated asset objects reloaded before import = 0Number of asset objects unloaded after import = 3

========================================================================
Received Import Request.
  Time since last request: 3.078767 seconds.
  path: Assets/Room/wallithink.png
  artifactKey: Guid(de8e9b606abdff54b94cb244a081e361) Importer(815301076,1909f56bfc062723c751e8b465ee728b)
Start importing Assets/Room/wallithink.png using Guid(de8e9b606abdff54b94cb244a081e361) Importer(815301076,1909f56bfc062723c751e8b465ee728b) (PreviewImporter) -> (artifact id: 'c3bf5bb3e56b7bd325a10539920ffece') in 0.0711692 seconds
Number of updated asset objects reloaded before import = 0Number of asset objects unloaded after import = 3

========================================================================
Received Import Request.
  Time since last request: 0.878015 seconds.
  path: Assets/Room/wallithink.png
  artifactKey: Guid(de8e9b606abdff54b94cb244a081e361) Importer(2089858483,b0f066a214c2f5e87bad3c948f4d605d)
Start importing Assets/Room/wallithink.png using Guid(de8e9b606abdff54b94cb244a081e361) Importer(2089858483,b0f066a214c2f5e87bad3c948f4d605d) (ScriptedImporter) -> (artifact id: '8e5a76a37442e0f48c93fd194f74ba91') in 0.0132986 seconds
Number of updated asset objects reloaded before import = 0Number of asset objects unloaded after import = 3

========================================================================
Received Import Request.
  Time since last request: 20.304981 seconds.
  path: Assets/Room/floorithink.png
  artifactKey: Guid(921b466cdc4c32345b1e427f77876306) Importer(815301076,1909f56bfc062723c751e8b465ee728b)
Start importing Assets/Room/floorithink.png using Guid(921b466cdc4c32345b1e427f77876306) Importer(815301076,1909f56bfc062723c751e8b465ee728b) (PreviewImporter) -> (artifact id: '39b693e4955687139822dce3fd823dd1') in 0.1418592 seconds
Number of updated asset objects reloaded before import = 0Number of asset objects unloaded after import = 3

========================================================================
Received Import Request.
  Time since last request: 0.813892 seconds.
  path: Assets/Room/floorithink.png
  artifactKey: Guid(921b466cdc4c32345b1e427f77876306) Importer(2089858483,b0f066a214c2f5e87bad3c948f4d605d)
Start importing Assets/Room/floorithink.png using Guid(921b466cdc4c32345b1e427f77876306) Importer(2089858483,b0f066a214c2f5e87bad3c948f4d605d) (ScriptedImporter) -> (artifact id: '74442a7923e02c7c0a12f2eb5e1ca10a') in 0.0137542 seconds
Number of updated asset objects reloaded before import = 0Number of asset objects unloaded after import = 3

========================================================================
Received Import Request.
  Time since last request: 6.411488 seconds.
  path: Assets/Room/floorithink.png
  artifactKey: Guid(921b466cdc4c32345b1e427f77876306) Importer(815301076,1909f56bfc062723c751e8b465ee728b)
Start importing Assets/Room/floorithink.png using Guid(921b466cdc4c32345b1e427f77876306) Importer(815301076,1909f56bfc062723c751e8b465ee728b) (PreviewImporter) -> (artifact id: '3ec33cc8711acc73d1b8a71f6996a43c') in 0.0876934 seconds
Number of updated asset objects reloaded before import = 0Number of asset objects unloaded after import = 3

========================================================================
Received Import Request.
  Time since last request: 0.859475 seconds.
  path: Assets/Room/floorithink.png
  artifactKey: Guid(921b466cdc4c32345b1e427f77876306) Importer(2089858483,b0f066a214c2f5e87bad3c948f4d605d)
Start importing Assets/Room/floorithink.png using Guid(921b466cdc4c32345b1e427f77876306) Importer(2089858483,b0f066a214c2f5e87bad3c948f4d605d) (ScriptedImporter) -> (artifact id: '40a058aedaf1bf44fcaf683c5fdb25c0') in 0.0162558 seconds
Number of updated asset objects reloaded before import = 0Number of asset objects unloaded after import = 3

========================================================================
Received Import Request.
  Time since last request: 260.232116 seconds.
  path: Assets/Scenes/Office.unity
  artifactKey: Guid(1ea3d7876f89fad488ba7685ba9a7cc9) Importer(815301076,1909f56bfc062723c751e8b465ee728b)
Start importing Assets/Scenes/Office.unity using Guid(1ea3d7876f89fad488ba7685ba9a7cc9) Importer(815301076,1909f56bfc062723c751e8b465ee728b) (PreviewImporter) -> (artifact id: 'f5693c8a23932b41c83fa46af4893f36') in 0.00072 seconds
Number of updated asset objects reloaded before import = 0Number of asset objects unloaded after import = 0

========================================================================
Received Import Request.
  Time since last request: 1.954860 seconds.
  path: Assets/Scenes/HomeWakeup.unity
  artifactKey: Guid(e951d44b9c9d2374e9645bd350a25bda) Importer(2089858483,b0f066a214c2f5e87bad3c948f4d605d)
Start importing Assets/Scenes/HomeWakeup.unity using Guid(e951d44b9c9d2374e9645bd350a25bda) Importer(2089858483,b0f066a214c2f5e87bad3c948f4d605d) (ScriptedImporter) -> (artifact id: '8353474abca79b9a19731c1665be1af5') in 0.0099544 seconds
Number of updated asset objects reloaded before import = 0Number of asset objects unloaded after import = 1

========================================================================
Received Import Request.
  Time since last request: 422.867032 seconds.
  path: Assets/Scenes/Office.unity
  artifactKey: Guid(1ea3d7876f89fad488ba7685ba9a7cc9) Importer(2089858483,b0f066a214c2f5e87bad3c948f4d605d)
Start importing Assets/Scenes/Office.unity using Guid(1ea3d7876f89fad488ba7685ba9a7cc9) Importer(2089858483,b0f066a214c2f5e87bad3c948f4d605d) (ScriptedImporter) -> (artifact id: '2760c4ed64dab0876a841b8483547de1') in 0.0138961 seconds
Number of updated asset objects reloaded before import = 0Number of asset objects unloaded after import = 1

